17:37:54 **** Incremental Build of configuration Debug for project swaw ****
make -j8 all 
arm-none-eabi-gcc "../Core/Src/main.c" -mcpu=cortex-m3 -std=gnu11 -g3 -DDEBUG -DUSE_HAL_DRIVER -DSTM32F103xB -c -I../Core/Inc -I../Drivers/STM32F1xx_HAL_Driver/Inc -I../Drivers/STM32F1xx_HAL_Driver/Inc/Legacy -I../Drivers/CMSIS/Device/ST/STM32F1xx/Include -I../Drivers/CMSIS/Include -O0 -ffunction-sections -fdata-sections -Wall -fstack-usage -fcyclomatic-complexity -MMD -MP -MF"Core/Src/main.d" -MT"Core/Src/main.o" --specs=nano.specs -mfloat-abi=soft -mthumb -o "Core/Src/main.o"
arm-none-eabi-gcc -o "swaw.elf" @"objects.list"   -mcpu=cortex-m3 -T"/mnt/windows/materialy/studia/semestry/8/swaw/projekt/swaw_project/swaw/STM32F103RBTX_FLASH.ld" --specs=nosys.specs -Wl,-Map="swaw.map" -Wl,--gc-sections -static --specs=nano.specs -mfloat-abi=soft -mthumb -Wl,--start-group -lc -lm -Wl,--end-group
Finished building target: swaw.elf
 
arm-none-eabi-size   swaw.elf 
arm-none-eabi-objdump -h -S  swaw.elf  > "swaw.list"
   text	   data	    bss	    dec	    hex	filename
  46532	    140	   3212	  49884	   c2dc	swaw.elf
Finished building: default.size.stdout
 
Finished building: swaw.list
 
